// Jest Snapshot v1, https://goo.gl/fbAQLP

exports[`Renders correctly 1`] = `
<nav
  className="navBar"
>
  <h1
    className="title"
  >
    Math Magicians
  </h1>
  <ul
    className="navList"
  >
    <li>
      <a
        href="/"
      >
        Home
      </a>
    </li>
    <li>
      <a
        href="/calculator"
      >
        Calculator
      </a>
    </li>
    <li>
      <a
        href="/quote"
      >
        Quote
      </a>
    </li>
  </ul>
</nav>
`;
