// Jest Snapshot v1, https://goo.gl/fbAQLP

exports[`Renders correctly 1`] = `
<div
  className="quote"
>
  <h1>
    Without mathematics, there's nothing you can do. Everything around you is mathematics. Everything around you is numbers.
  </h1>
  <p
    id="author"
  >
    -Shakuntala Devi
  </p>
</div>
`;
